Command return code: 0
=== STDOUT ===
(empty)

=== STDERR ===

Recognizing Layout:   0%|          | 0/1 [00:00<?, ?it/s]
Recognizing Layout: 100%|##########| 1/1 [00:01<00:00,  1.02s/it]
Recognizing Layout: 100%|##########| 1/1 [00:01<00:00,  1.02s/it]

Running OCR Error Detection:   0%|          | 0/1 [00:00<?, ?it/s]
Running OCR Error Detection: 100%|##########| 1/1 [00:00<00:00, 21.72it/s]

Detecting bboxes:   0%|          | 0/1 [00:00<?, ?it/s]
Detecting bboxes: 100%|##########| 1/1 [00:00<00:00,  5.35it/s]
Detecting bboxes: 100%|##########| 1/1 [00:00<00:00,  5.31it/s]

Recognizing Text:   0%|          | 0/2 [00:00<?, ?it/s]
Recognizing Text:  50%|#####     | 1/2 [00:00<00:00,  2.15it/s]
Recognizing Text: 100%|##########| 2/2 [00:00<00:00,  3.05it/s]
Recognizing Text: 100%|##########| 2/2 [00:00<00:00,  2.87it/s]

Detecting bboxes: 0it [00:00, ?it/s]
Detecting bboxes: 0it [00:00, ?it/s]
2025-11-17 14:39:58,569 [INFO] marker: Saved markdown to src\data\markdown\page_39
2025-11-17 14:39:58,569 [INFO] marker: Total time: 2.2141129970550537
