Command return code: 0
=== STDOUT ===
(empty)

=== STDERR ===

Recognizing Layout:   0%|          | 0/1 [00:00<?, ?it/s]
Recognizing Layout: 100%|##########| 1/1 [00:01<00:00,  1.41s/it]
Recognizing Layout: 100%|##########| 1/1 [00:01<00:00,  1.41s/it]

Running OCR Error Detection:   0%|          | 0/1 [00:00<?, ?it/s]
Running OCR Error Detection: 100%|##########| 1/1 [00:00<00:00, 22.72it/s]

Detecting bboxes:   0%|          | 0/1 [00:00<?, ?it/s]
Detecting bboxes: 100%|##########| 1/1 [00:00<00:00,  5.41it/s]
Detecting bboxes: 100%|##########| 1/1 [00:00<00:00,  5.41it/s]

Recognizing Text:   0%|          | 0/19 [00:00<?, ?it/s]
Recognizing Text:   5%|5         | 1/19 [00:00<00:15,  1.19it/s]
Recognizing Text:  11%|#         | 2/19 [00:01<00:14,  1.19it/s]
Recognizing Text:  16%|#5        | 3/19 [00:02<00:11,  1.42it/s]
Recognizing Text:  26%|##6       | 5/19 [00:02<00:04,  2.93it/s]
Recognizing Text:  32%|###1      | 6/19 [00:02<00:04,  3.20it/s]
Recognizing Text:  37%|###6      | 7/19 [00:02<00:03,  3.44it/s]
Recognizing Text:  42%|####2     | 8/19 [00:03<00:03,  2.77it/s]
Recognizing Text:  47%|####7     | 9/19 [00:03<00:02,  3.47it/s]
Recognizing Text:  53%|#####2    | 10/19 [00:03<00:02,  4.22it/s]
Recognizing Text:  58%|#####7    | 11/19 [00:03<00:01,  4.57it/s]
Recognizing Text:  63%|######3   | 12/19 [00:04<00:02,  2.39it/s]
Recognizing Text:  74%|#######3  | 14/19 [00:05<00:01,  3.11it/s]
Recognizing Text:  79%|#######8  | 15/19 [00:05<00:01,  3.50it/s]
Recognizing Text:  84%|########4 | 16/19 [00:05<00:01,  2.74it/s]
Recognizing Text:  89%|########9 | 17/19 [00:06<00:00,  2.01it/s]
Recognizing Text:  95%|#########4| 18/19 [00:07<00:00,  1.65it/s]
Recognizing Text: 100%|##########| 19/19 [00:07<00:00,  1.93it/s]
Recognizing Text: 100%|##########| 19/19 [00:07<00:00,  2.41it/s]

Detecting bboxes: 0it [00:00, ?it/s]
Detecting bboxes: 0it [00:00, ?it/s]
2025-11-17 14:49:34,324 [INFO] marker: Saved markdown to src\data\markdown\page_58
2025-11-17 14:49:34,324 [INFO] marker: Total time: 9.892637491226196
