Command return code: 0
=== STDOUT ===
(empty)

=== STDERR ===

Recognizing Layout:   0%|          | 0/1 [00:00<?, ?it/s]
Recognizing Layout: 100%|##########| 1/1 [00:01<00:00,  1.15s/it]
Recognizing Layout: 100%|##########| 1/1 [00:01<00:00,  1.15s/it]

Running OCR Error Detection:   0%|          | 0/1 [00:00<?, ?it/s]
Running OCR Error Detection: 100%|##########| 1/1 [00:00<00:00, 20.47it/s]

Detecting bboxes:   0%|          | 0/1 [00:00<?, ?it/s]
Detecting bboxes: 100%|##########| 1/1 [00:00<00:00,  5.57it/s]
Detecting bboxes: 100%|##########| 1/1 [00:00<00:00,  5.52it/s]

Recognizing Text:   0%|          | 0/11 [00:00<?, ?it/s]
Recognizing Text:   9%|9         | 1/11 [00:01<00:11,  1.14s/it]
Recognizing Text:  18%|#8        | 2/11 [00:01<00:05,  1.62it/s]
Recognizing Text:  45%|####5     | 5/11 [00:01<00:01,  4.66it/s]
Recognizing Text:  64%|######3   | 7/11 [00:01<00:00,  6.25it/s]
Recognizing Text:  82%|########1 | 9/11 [00:01<00:00,  8.11it/s]
Recognizing Text: 100%|##########| 11/11 [00:03<00:00,  3.06it/s]
Recognizing Text: 100%|##########| 11/11 [00:03<00:00,  3.37it/s]

Recognizing tables:   0%|          | 0/1 [00:00<?, ?it/s]
Recognizing tables: 100%|##########| 1/1 [00:00<00:00,  2.44it/s]
Recognizing tables: 100%|##########| 1/1 [00:00<00:00,  2.44it/s]

Detecting bboxes:   0%|          | 0/1 [00:00<?, ?it/s]
Detecting bboxes: 100%|##########| 1/1 [00:00<00:00,  2.09it/s]
Detecting bboxes: 100%|##########| 1/1 [00:00<00:00,  2.09it/s]

Recognizing Text:   0%|          | 0/26 [00:00<?, ?it/s]
Recognizing Text:   4%|3         | 1/26 [00:01<00:47,  1.92s/it]
Recognizing Text:  62%|######1   | 16/26 [00:13<00:08,  1.23it/s]
Recognizing Text:  65%|######5   | 17/26 [00:16<00:08,  1.01it/s]
Recognizing Text:  69%|######9   | 18/26 [00:17<00:07,  1.01it/s]
Recognizing Text:  73%|#######3  | 19/26 [00:20<00:08,  1.27s/it]
Recognizing Text:  77%|#######6  | 20/26 [00:22<00:08,  1.40s/it]
Recognizing Text:  81%|########  | 21/26 [00:37<00:19,  3.95s/it]
Recognizing Text:  85%|########4 | 22/26 [01:05<00:35,  8.87s/it]
Recognizing Text:  88%|########8 | 23/26 [01:22<00:32, 10.78s/it]
Recognizing Text:  92%|#########2| 24/26 [02:04<00:37, 18.65s/it]
Recognizing Text:  96%|#########6| 25/26 [02:42<00:23, 23.49s/it]
Recognizing Text: 100%|##########| 26/26 [03:23<00:00, 28.26s/it]
Recognizing Text: 100%|##########| 26/26 [03:23<00:00,  7.82s/it]
2025-11-17 14:44:40,251 [INFO] marker: Saved markdown to src\data\markdown\page_46
2025-11-17 14:44:40,251 [INFO] marker: Total time: 209.22517037391663
