Command return code: 0
=== STDOUT ===
(empty)

=== STDERR ===

Recognizing Layout:   0%|          | 0/1 [00:00<?, ?it/s]
Recognizing Layout: 100%|##########| 1/1 [00:01<00:00,  1.65s/it]
Recognizing Layout: 100%|##########| 1/1 [00:01<00:00,  1.65s/it]

Running OCR Error Detection:   0%|          | 0/1 [00:00<?, ?it/s]
Running OCR Error Detection: 100%|##########| 1/1 [00:00<00:00, 10.09it/s]

Detecting bboxes:   0%|          | 0/1 [00:00<?, ?it/s]
Detecting bboxes: 100%|##########| 1/1 [00:00<00:00,  2.82it/s]
Detecting bboxes: 100%|##########| 1/1 [00:00<00:00,  2.82it/s]

Recognizing Text:   0%|          | 0/2 [00:00<?, ?it/s]
Recognizing Text:  50%|#####     | 1/2 [00:00<00:00,  1.87it/s]
Recognizing Text: 100%|##########| 2/2 [00:00<00:00,  2.87it/s]
Recognizing Text: 100%|##########| 2/2 [00:00<00:00,  2.66it/s]

Detecting bboxes: 0it [00:00, ?it/s]
Detecting bboxes: 0it [00:00, ?it/s]
2025-11-17 14:16:43,293 [INFO] marker: Saved markdown to src\data\pdfs\markdown\page_14
2025-11-17 14:16:43,294 [INFO] marker: Total time: 3.261108160018921
