Command return code: 0
=== STDOUT ===
(empty)

=== STDERR ===

Recognizing Layout:   0%|          | 0/1 [00:00<?, ?it/s]
Recognizing Layout: 100%|##########| 1/1 [00:01<00:00,  1.13s/it]
Recognizing Layout: 100%|##########| 1/1 [00:01<00:00,  1.13s/it]

Running OCR Error Detection:   0%|          | 0/1 [00:00<?, ?it/s]
Running OCR Error Detection: 100%|##########| 1/1 [00:00<00:00, 17.02it/s]

Detecting bboxes:   0%|          | 0/1 [00:00<?, ?it/s]
Detecting bboxes: 100%|##########| 1/1 [00:00<00:00,  5.10it/s]
Detecting bboxes: 100%|##########| 1/1 [00:00<00:00,  5.10it/s]

Recognizing Text:   0%|          | 0/18 [00:00<?, ?it/s]
Recognizing Text:   6%|5         | 1/18 [00:01<00:19,  1.16s/it]
Recognizing Text:  11%|#1        | 2/18 [00:01<00:09,  1.62it/s]
Recognizing Text:  17%|#6        | 3/18 [00:01<00:06,  2.39it/s]
Recognizing Text:  39%|###8      | 7/18 [00:01<00:01,  7.27it/s]
Recognizing Text:  50%|#####     | 9/18 [00:02<00:02,  4.49it/s]
Recognizing Text:  61%|######1   | 11/18 [00:02<00:01,  5.30it/s]
Recognizing Text:  72%|#######2  | 13/18 [00:02<00:00,  6.02it/s]
Recognizing Text:  78%|#######7  | 14/18 [00:03<00:00,  5.24it/s]
Recognizing Text:  89%|########8 | 16/18 [00:03<00:00,  6.43it/s]
Recognizing Text:  94%|#########4| 17/18 [00:03<00:00,  5.12it/s]
Recognizing Text: 100%|##########| 18/18 [00:21<00:00,  4.16s/it]
Recognizing Text: 100%|##########| 18/18 [00:21<00:00,  1.22s/it]

Recognizing tables:   0%|          | 0/1 [00:00<?, ?it/s]
Recognizing tables: 100%|##########| 1/1 [00:00<00:00,  2.14it/s]
Recognizing tables: 100%|##########| 1/1 [00:00<00:00,  2.13it/s]

Detecting bboxes:   0%|          | 0/1 [00:00<?, ?it/s]
Detecting bboxes: 100%|##########| 1/1 [00:00<00:00,  5.64it/s]
Detecting bboxes: 100%|##########| 1/1 [00:00<00:00,  5.64it/s]

Recognizing Text:   0%|          | 0/122 [00:00<?, ?it/s]
Recognizing Text:   1%|          | 1/122 [00:01<02:04,  1.03s/it]
Recognizing Text:   3%|3         | 4/122 [00:04<02:13,  1.14s/it]
Recognizing Text:  15%|#4        | 18/122 [00:08<00:40,  2.57it/s]
Recognizing Text:  30%|##9       | 36/122 [00:08<00:13,  6.25it/s]
Recognizing Text:  34%|###3      | 41/122 [00:09<00:15,  5.22it/s]
Recognizing Text:  36%|###6      | 44/122 [00:11<00:18,  4.15it/s]
Recognizing Text:  45%|####5     | 55/122 [00:11<00:09,  6.80it/s]
Recognizing Text:  48%|####7     | 58/122 [00:14<00:17,  3.57it/s]
Recognizing Text:  61%|######    | 74/122 [00:15<00:06,  7.05it/s]
Recognizing Text:  64%|######3   | 78/122 [00:18<00:10,  4.05it/s]
Recognizing Text:  80%|#######9  | 97/122 [00:20<00:04,  6.07it/s]
Recognizing Text:  81%|########1 | 99/122 [00:21<00:04,  4.74it/s]
Recognizing Text:  84%|########3 | 102/122 [00:26<00:07,  2.51it/s]
Recognizing Text:  86%|########6 | 105/122 [00:28<00:07,  2.37it/s]
Recognizing Text:  87%|########6 | 106/122 [00:29<00:08,  1.97it/s]
Recognizing Text:  94%|#########4| 115/122 [00:31<00:02,  2.86it/s]
Recognizing Text:  96%|#########5| 117/122 [00:34<00:02,  1.94it/s]
Recognizing Text:  99%|#########9| 121/122 [00:36<00:00,  2.06it/s]
Recognizing Text: 100%|##########| 122/122 [00:41<00:00,  1.14it/s]
Recognizing Text: 100%|##########| 122/122 [00:41<00:00,  2.96it/s]
2025-11-17 14:37:40,070 [INFO] marker: Saved markdown to src\data\markdown\page_26
2025-11-17 14:37:40,070 [INFO] marker: Total time: 65.6481568813324
