Command return code: 0
=== STDOUT ===
(empty)

=== STDERR ===

Recognizing Layout:   0%|          | 0/1 [00:00<?, ?it/s]
Recognizing Layout: 100%|##########| 1/1 [00:00<00:00,  1.07it/s]
Recognizing Layout: 100%|##########| 1/1 [00:00<00:00,  1.07it/s]

Running OCR Error Detection:   0%|          | 0/1 [00:00<?, ?it/s]
Running OCR Error Detection: 100%|##########| 1/1 [00:00<00:00, 24.20it/s]

Detecting bboxes:   0%|          | 0/1 [00:00<?, ?it/s]
Detecting bboxes: 100%|##########| 1/1 [00:00<00:00,  5.70it/s]
Detecting bboxes: 100%|##########| 1/1 [00:00<00:00,  5.70it/s]

Recognizing Text:   0%|          | 0/2 [00:00<?, ?it/s]
Recognizing Text:  50%|#####     | 1/2 [00:00<00:00,  2.42it/s]
Recognizing Text: 100%|##########| 2/2 [00:00<00:00,  3.45it/s]
Recognizing Text: 100%|##########| 2/2 [00:00<00:00,  3.24it/s]

Detecting bboxes: 0it [00:00, ?it/s]
Detecting bboxes: 0it [00:00, ?it/s]
2025-11-17 14:34:29,143 [INFO] marker: Saved markdown to src\data\markdown\page_14
2025-11-17 14:34:29,143 [INFO] marker: Total time: 2.038435697555542
