Command return code: 0
=== STDOUT ===
(empty)

=== STDERR ===

Recognizing Layout:   0%|          | 0/1 [00:00<?, ?it/s]
Recognizing Layout: 100%|##########| 1/1 [00:01<00:00,  1.32s/it]
Recognizing Layout: 100%|##########| 1/1 [00:01<00:00,  1.32s/it]

Running OCR Error Detection:   0%|          | 0/1 [00:00<?, ?it/s]
Running OCR Error Detection: 100%|##########| 1/1 [00:00<00:00, 22.50it/s]

Detecting bboxes:   0%|          | 0/1 [00:00<?, ?it/s]
Detecting bboxes: 100%|##########| 1/1 [00:00<00:00,  4.22it/s]
Detecting bboxes: 100%|##########| 1/1 [00:00<00:00,  4.22it/s]

Recognizing Text:   0%|          | 0/15 [00:00<?, ?it/s]
Recognizing Text:   7%|6         | 1/15 [00:02<00:33,  2.37s/it]
Recognizing Text:  13%|#3        | 2/15 [00:02<00:13,  1.07s/it]
Recognizing Text:  20%|##        | 3/15 [00:02<00:07,  1.57it/s]
Recognizing Text:  40%|####      | 6/15 [00:03<00:03,  2.83it/s]
Recognizing Text:  47%|####6     | 7/15 [00:03<00:03,  2.65it/s]
Recognizing Text:  53%|#####3    | 8/15 [00:04<00:02,  2.52it/s]
Recognizing Text:  60%|######    | 9/15 [00:04<00:02,  2.62it/s]
Recognizing Text:  67%|######6   | 10/15 [00:18<00:20,  4.10s/it]
Recognizing Text:  73%|#######3  | 11/15 [00:18<00:12,  3.07s/it]
Recognizing Text:  87%|########6 | 13/15 [00:19<00:03,  1.87s/it]
Recognizing Text:  93%|#########3| 14/15 [00:25<00:02,  2.87s/it]
Recognizing Text: 100%|##########| 15/15 [00:44<00:00,  6.93s/it]
Recognizing Text: 100%|##########| 15/15 [00:44<00:00,  2.95s/it]

Detecting bboxes: 0it [00:00, ?it/s]
Detecting bboxes: 0it [00:00, ?it/s]
2025-11-17 14:51:40,387 [INFO] marker: Saved markdown to src\data\markdown\page_65
2025-11-17 14:51:40,388 [INFO] marker: Total time: 46.52196002006531
