Command return code: 0
=== STDOUT ===
(empty)

=== STDERR ===

Recognizing Layout:   0%|          | 0/1 [00:00<?, ?it/s]
Recognizing Layout: 100%|##########| 1/1 [00:01<00:00,  1.01s/it]
Recognizing Layout: 100%|##########| 1/1 [00:01<00:00,  1.01s/it]

Running OCR Error Detection:   0%|          | 0/1 [00:00<?, ?it/s]
Running OCR Error Detection: 100%|##########| 1/1 [00:00<00:00, 21.42it/s]

Detecting bboxes:   0%|          | 0/1 [00:00<?, ?it/s]
Detecting bboxes: 100%|##########| 1/1 [00:00<00:00,  4.76it/s]
Detecting bboxes: 100%|##########| 1/1 [00:00<00:00,  4.76it/s]

Recognizing Text:   0%|          | 0/3 [00:00<?, ?it/s]
Recognizing Text:  33%|###3      | 1/3 [00:00<00:01,  1.75it/s]
Recognizing Text: 100%|##########| 3/3 [00:00<00:00,  5.18it/s]
Recognizing Text: 100%|##########| 3/3 [00:00<00:00,  4.32it/s]

Detecting bboxes: 0it [00:00, ?it/s]
Detecting bboxes: 0it [00:00, ?it/s]
2025-11-17 14:38:33,782 [INFO] marker: Saved markdown to src\data\markdown\page_31
2025-11-17 14:38:33,786 [INFO] marker: Total time: 2.153484582901001
