Command return code: 0
=== STDOUT ===
(empty)

=== STDERR ===

Recognizing Layout:   0%|          | 0/1 [00:00<?, ?it/s]
Recognizing Layout: 100%|##########| 1/1 [00:00<00:00,  1.09it/s]
Recognizing Layout: 100%|##########| 1/1 [00:00<00:00,  1.09it/s]

Running OCR Error Detection:   0%|          | 0/1 [00:00<?, ?it/s]
Running OCR Error Detection: 100%|##########| 1/1 [00:00<00:00, 21.29it/s]

Detecting bboxes:   0%|          | 0/1 [00:00<?, ?it/s]
Detecting bboxes: 100%|##########| 1/1 [00:00<00:00,  5.34it/s]
Detecting bboxes: 100%|##########| 1/1 [00:00<00:00,  5.34it/s]

Recognizing Text:   0%|          | 0/2 [00:00<?, ?it/s]
Recognizing Text:  50%|#####     | 1/2 [00:00<00:00,  5.49it/s]
Recognizing Text: 100%|##########| 2/2 [00:01<00:00,  1.09it/s]
Recognizing Text: 100%|##########| 2/2 [00:01<00:00,  1.24it/s]

Detecting bboxes: 0it [00:00, ?it/s]
Detecting bboxes: 0it [00:00, ?it/s]
2025-11-17 14:35:44,042 [INFO] marker: Saved markdown to src\data\markdown\page_21
2025-11-17 14:35:44,042 [INFO] marker: Total time: 3.011807441711426
