Command return code: 0
=== STDOUT ===
(empty)

=== STDERR ===

Recognizing Layout:   0%|          | 0/1 [00:00<?, ?it/s]
Recognizing Layout: 100%|##########| 1/1 [00:01<00:00,  1.04s/it]
Recognizing Layout: 100%|##########| 1/1 [00:01<00:00,  1.04s/it]

Running OCR Error Detection:   0%|          | 0/1 [00:00<?, ?it/s]
Running OCR Error Detection: 100%|##########| 1/1 [00:00<00:00, 21.29it/s]

Detecting bboxes:   0%|          | 0/1 [00:00<?, ?it/s]
Detecting bboxes: 100%|##########| 1/1 [00:00<00:00,  4.96it/s]
Detecting bboxes: 100%|##########| 1/1 [00:00<00:00,  4.96it/s]

Recognizing Text:   0%|          | 0/2 [00:00<?, ?it/s]
Recognizing Text:  50%|#####     | 1/2 [00:00<00:00,  1.93it/s]
Recognizing Text: 100%|##########| 2/2 [00:00<00:00,  2.43it/s]
Recognizing Text: 100%|##########| 2/2 [00:00<00:00,  2.34it/s]

Detecting bboxes: 0it [00:00, ?it/s]
Detecting bboxes: 0it [00:00, ?it/s]
2025-11-17 14:39:16,938 [INFO] marker: Saved markdown to src\data\markdown\page_35
2025-11-17 14:39:16,938 [INFO] marker: Total time: 2.43436861038208
