Command return code: 0
=== STDOUT ===
(empty)

=== STDERR ===

Recognizing Layout:   0%|          | 0/1 [00:00<?, ?it/s]
Recognizing Layout: 100%|##########| 1/1 [00:00<00:00,  1.02it/s]
Recognizing Layout: 100%|##########| 1/1 [00:00<00:00,  1.02it/s]

Running OCR Error Detection:   0%|          | 0/1 [00:00<?, ?it/s]
Running OCR Error Detection: 100%|##########| 1/1 [00:00<00:00, 21.67it/s]

Detecting bboxes:   0%|          | 0/1 [00:00<?, ?it/s]
Detecting bboxes: 100%|##########| 1/1 [00:00<00:00,  4.44it/s]
Detecting bboxes: 100%|##########| 1/1 [00:00<00:00,  4.44it/s]

Recognizing Text:   0%|          | 0/28 [00:00<?, ?it/s]
Recognizing Text:   4%|3         | 1/28 [00:01<00:38,  1.44s/it]
Recognizing Text:   7%|7         | 2/28 [00:01<00:17,  1.45it/s]
Recognizing Text:  11%|#         | 3/28 [00:01<00:11,  2.23it/s]
Recognizing Text:  21%|##1       | 6/28 [00:01<00:04,  5.38it/s]
Recognizing Text:  46%|####6     | 13/28 [00:02<00:01, 13.50it/s]
Recognizing Text:  64%|######4   | 18/28 [00:02<00:00, 17.67it/s]
Recognizing Text:  75%|#######5  | 21/28 [00:02<00:00, 18.06it/s]
Recognizing Text:  86%|########5 | 24/28 [00:08<00:02,  1.73it/s]
Recognizing Text:  93%|#########2| 26/28 [00:08<00:00,  2.11it/s]
Recognizing Text: 100%|##########| 28/28 [00:08<00:00,  2.60it/s]
Recognizing Text: 100%|##########| 28/28 [00:08<00:00,  3.24it/s]

Detecting bboxes: 0it [00:00, ?it/s]
Detecting bboxes: 0it [00:00, ?it/s]
2025-11-17 14:50:34,633 [INFO] marker: Saved markdown to src\data\markdown\page_63
2025-11-17 14:50:34,633 [INFO] marker: Total time: 10.430113554000854
