Command return code: 0
=== STDOUT ===
(empty)

=== STDERR ===

Recognizing Layout:   0%|          | 0/1 [00:00<?, ?it/s]
Recognizing Layout: 100%|##########| 1/1 [00:01<00:00,  1.22s/it]
Recognizing Layout: 100%|##########| 1/1 [00:01<00:00,  1.22s/it]

Running OCR Error Detection:   0%|          | 0/1 [00:00<?, ?it/s]
Running OCR Error Detection: 100%|##########| 1/1 [00:00<00:00, 21.89it/s]

Detecting bboxes:   0%|          | 0/1 [00:00<?, ?it/s]
Detecting bboxes: 100%|##########| 1/1 [00:00<00:00,  4.41it/s]
Detecting bboxes: 100%|##########| 1/1 [00:00<00:00,  4.41it/s]

Recognizing Text:   0%|          | 0/57 [00:00<?, ?it/s]
Recognizing Text:   2%|1         | 1/57 [00:13<12:15, 13.13s/it]
Recognizing Text:   4%|3         | 2/57 [00:16<06:44,  7.36s/it]
Recognizing Text:   5%|5         | 3/57 [00:18<04:16,  4.75s/it]
Recognizing Text:  19%|#9        | 11/57 [00:19<00:43,  1.05it/s]
Recognizing Text:  21%|##1       | 12/57 [00:21<00:46,  1.04s/it]
Recognizing Text:  23%|##2       | 13/57 [00:23<00:50,  1.14s/it]
Recognizing Text:  26%|##6       | 15/57 [00:24<00:43,  1.04s/it]
Recognizing Text:  30%|##9       | 17/57 [00:26<00:38,  1.03it/s]
Recognizing Text:  35%|###5      | 20/57 [00:29<00:37,  1.02s/it]
Recognizing Text:  37%|###6      | 21/57 [00:31<00:40,  1.12s/it]
Recognizing Text:  39%|###8      | 22/57 [00:33<00:42,  1.21s/it]
Recognizing Text:  42%|####2     | 24/57 [00:34<00:35,  1.08s/it]
Recognizing Text:  47%|####7     | 27/57 [00:36<00:25,  1.17it/s]
Recognizing Text:  51%|#####     | 29/57 [00:37<00:23,  1.18it/s]
Recognizing Text:  53%|#####2    | 30/57 [00:49<01:12,  2.70s/it]
Recognizing Text:  54%|#####4    | 31/57 [00:56<01:30,  3.47s/it]
Recognizing Text:  56%|#####6    | 32/57 [01:16<02:56,  7.08s/it]
Recognizing Text:  58%|#####7    | 33/57 [01:37<04:11, 10.50s/it]
Recognizing Text:  60%|#####9    | 34/57 [02:06<05:45, 15.04s/it]
Recognizing Text:  61%|######1   | 35/57 [02:17<05:11, 14.15s/it]
Recognizing Text:  63%|######3   | 36/57 [02:19<03:44, 10.71s/it]
Recognizing Text:  68%|######8   | 39/57 [02:21<01:33,  5.21s/it]
Recognizing Text:  72%|#######1  | 41/57 [02:22<00:59,  3.72s/it]
Recognizing Text:  77%|#######7  | 44/57 [02:24<00:31,  2.39s/it]
Recognizing Text:  79%|#######8  | 45/57 [02:26<00:27,  2.26s/it]
Recognizing Text:  89%|########9 | 51/57 [02:27<00:06,  1.09s/it]
Recognizing Text:  98%|#########8| 56/57 [02:32<00:01,  1.05s/it]
Recognizing Text: 100%|##########| 57/57 [02:34<00:00,  1.12s/it]
Recognizing Text: 100%|##########| 57/57 [02:34<00:00,  2.71s/it]

Detecting bboxes: 0it [00:00, ?it/s]
Detecting bboxes: 0it [00:00, ?it/s]
2025-11-17 14:47:49,781 [INFO] marker: Saved markdown to src\data\markdown\page_49
2025-11-17 14:47:49,781 [INFO] marker: Total time: 156.41480422019958
